foo\(\) called
foo_hook\(\) called
foo\(\) called
bar\(\) called
bar_hook\(\) called
bar\(\) called
bar\(\) called
